meta	flat	records	2048
meta	flat	semantic_digest	16769177117638402855
result	flat	sqlite	raw	artifact_bytes	532480
result	flat	sqlite	raw	build_ns	11856750
result	flat	sqlite	raw	open_ns	45917
result	flat	sqlite	raw	semantic_digest	16769177117638402855
result	flat	sqlite	raw	query_checksum	16733059916616611384
result	flat	sqlite	raw	outputs	1638600
result	flat	sqlite	raw	logical_prose_bytes	394154
result	flat	sqlite	raw	exact.p50_ns	29208
result	flat	sqlite	raw	exact.p95_ns	116750
result	flat	sqlite	raw	exact.p99_ns	182125
result	flat	sqlite	raw	prefix.p50_ns	665333
result	flat	sqlite	raw	prefix.p95_ns	1486416
result	flat	sqlite	raw	prefix.p99_ns	1783417
result	flat	sqlite	raw	render.p50_ns	5417
result	flat	sqlite	raw	render.p95_ns	38416
result	flat	sqlite	raw	render.p99_ns	90250
result	flat	sqlite	zlib	artifact_bytes	33850
unavailable	flat	sqlite	zlib	reason	SQLite cannot seek compressed pages without a decompression staging policy
result	flat	sqlite	zstd	artifact_bytes	22942
unavailable	flat	sqlite	zstd	reason	SQLite cannot seek compressed pages without a decompression staging policy
result	flat	stardict	raw	artifact_bytes	442075
result	flat	stardict	raw	build_ns	3191500
result	flat	stardict	raw	open_ns	635458
result	flat	stardict	raw	semantic_digest	16769177117638402855
result	flat	stardict	raw	query_checksum	16733059916616611384
result	flat	stardict	raw	outputs	1638600
result	flat	stardict	raw	logical_prose_bytes	394154
result	flat	stardict	raw	exact.p50_ns	40500
result	flat	stardict	raw	exact.p95_ns	140459
result	flat	stardict	raw	exact.p99_ns	187625
result	flat	stardict	raw	prefix.p50_ns	260000
result	flat	stardict	raw	prefix.p95_ns	718375
result	flat	stardict	raw	prefix.p99_ns	914458
result	flat	stardict	raw	render.p50_ns	19125
result	flat	stardict	raw	render.p95_ns	45166
result	flat	stardict	raw	render.p99_ns	105500
result	flat	stardict	gzip	artifact_bytes	54332
unavailable	flat	stardict	gzip	reason	gzip is not StarDict dictzip random access; raw reader is the measured query baseline
result	flat	dictd	raw	artifact_bytes	447529
result	flat	dictd	raw	build_ns	1428334
result	flat	dictd	raw	open_ns	617458
result	flat	dictd	raw	semantic_digest	16769177117638402855
result	flat	dictd	raw	query_checksum	16733059916616611384
result	flat	dictd	raw	outputs	1638600
result	flat	dictd	raw	logical_prose_bytes	394154
result	flat	dictd	raw	exact.p50_ns	23042
result	flat	dictd	raw	exact.p95_ns	38500
result	flat	dictd	raw	exact.p99_ns	97042
result	flat	dictd	raw	prefix.p50_ns	211500
result	flat	dictd	raw	prefix.p95_ns	534292
result	flat	dictd	raw	prefix.p99_ns	690084
result	flat	dictd	raw	render.p50_ns	7459
result	flat	dictd	raw	render.p95_ns	14459
result	flat	dictd	raw	render.p99_ns	29209
result	flat	dictd	dictzip	artifact_bytes	60705
result	flat	dictd	dictzip	build_ns	7272458
result	flat	dictd	dictzip	open_ns	1417083
result	flat	dictd	dictzip	semantic_digest	16769177117638402855
result	flat	dictd	dictzip	query_checksum	16733059916616611384
result	flat	dictd	dictzip	outputs	1638600
result	flat	dictd	dictzip	logical_prose_bytes	394154
result	flat	dictd	dictzip	exact.p50_ns	23292
result	flat	dictd	dictzip	exact.p95_ns	36542
result	flat	dictd	dictzip	exact.p99_ns	86167
result	flat	dictd	dictzip	prefix.p50_ns	216458
result	flat	dictd	dictzip	prefix.p95_ns	492583
result	flat	dictd	dictzip	prefix.p99_ns	672709
result	flat	dictd	dictzip	render.p50_ns	4324250
result	flat	dictd	dictzip	render.p95_ns	6959625
result	flat	dictd	dictzip	render.p99_ns	13043708
result	flat	slob	raw	artifact_bytes	478045
result	flat	slob	raw	build_ns	70940083
result	flat	slob	raw	open_ns	69625
result	flat	slob	raw	semantic_digest	16769177117638402855
result	flat	slob	raw	query_checksum	16733059916616611384
result	flat	slob	raw	outputs	1638600
result	flat	slob	raw	logical_prose_bytes	394154
result	flat	slob	raw	exact.p50_ns	706958
result	flat	slob	raw	exact.p95_ns	1084834
result	flat	slob	raw	exact.p99_ns	1673792
result	flat	slob	raw	prefix.p50_ns	33467291
result	flat	slob	raw	prefix.p95_ns	42661000
result	flat	slob	raw	prefix.p99_ns	50562375
result	flat	slob	raw	render.p50_ns	55125
result	flat	slob	raw	render.p95_ns	124584
result	flat	slob	raw	render.p99_ns	214917
result	flat	slob	lzma2	artifact_bytes	73774
result	flat	slob	lzma2	build_ns	53989417
result	flat	slob	lzma2	open_ns	59959
result	flat	slob	lzma2	semantic_digest	16769177117638402855
result	flat	slob	lzma2	query_checksum	16733059916616611384
result	flat	slob	lzma2	outputs	1638600
result	flat	slob	lzma2	logical_prose_bytes	394154
result	flat	slob	lzma2	exact.p50_ns	711208
result	flat	slob	lzma2	exact.p95_ns	1434084
result	flat	slob	lzma2	exact.p99_ns	2038500
result	flat	slob	lzma2	prefix.p50_ns	33450834
result	flat	slob	lzma2	prefix.p95_ns	38530208
result	flat	slob	lzma2	prefix.p99_ns	44561416
result	flat	slob	lzma2	render.p50_ns	43209
result	flat	slob	lzma2	render.p95_ns	70458
result	flat	slob	lzma2	render.p99_ns	162791
