meta	repeated	records	32
meta	repeated	semantic_digest	17180257314182760903
result	repeated	sqlite	raw	artifact_bytes	20480
result	repeated	sqlite	raw	build_ns	1403125
sample	repeated	sqlite	raw	open	0	165958
sample	repeated	sqlite	raw	open	1	68125
sample	repeated	sqlite	raw	open	2	92875
sample	repeated	sqlite	raw	open	3	92166
sample	repeated	sqlite	raw	open	4	69208
sample	repeated	sqlite	raw	open	5	59750
sample	repeated	sqlite	raw	open	6	56792
sample	repeated	sqlite	raw	open	7	51667
sample	repeated	sqlite	raw	open	8	345375
sample	repeated	sqlite	raw	open	9	288250
sample	repeated	sqlite	raw	open	10	74750
sample	repeated	sqlite	raw	open	11	220625
sample	repeated	sqlite	raw	open	12	192875
sample	repeated	sqlite	raw	open	13	246666
sample	repeated	sqlite	raw	open	14	245541
sample	repeated	sqlite	raw	open	15	125166
sample	repeated	sqlite	raw	open	16	118208
sample	repeated	sqlite	raw	open	17	306083
sample	repeated	sqlite	raw	open	18	798500
sample	repeated	sqlite	raw	open	19	66459
sample	repeated	sqlite	raw	open	20	50542
sample	repeated	sqlite	raw	open	21	47750
sample	repeated	sqlite	raw	open	22	47125
sample	repeated	sqlite	raw	open	23	139958
sample	repeated	sqlite	raw	open	24	62917
result	repeated	sqlite	raw	open_ns	92875
result	repeated	sqlite	raw	semantic_digest	17180257314182760903
result	repeated	sqlite	raw	query_checksum	4399029372800725924
result	repeated	sqlite	raw	outputs	74
result	repeated	sqlite	raw	logical_prose_bytes	6688
sample	repeated	sqlite	raw	exact	0	5667
sample	repeated	sqlite	raw	exact	1	5542
sample	repeated	sqlite	raw	exact	2	5292
sample	repeated	sqlite	raw	exact	3	4875
sample	repeated	sqlite	raw	exact	4	5541
sample	repeated	sqlite	raw	exact	5	5083
sample	repeated	sqlite	raw	exact	6	5375
sample	repeated	sqlite	raw	exact	7	5000
sample	repeated	sqlite	raw	prefix	0	18958
sample	repeated	sqlite	raw	prefix	1	19917
sample	repeated	sqlite	raw	prefix	2	73209
sample	repeated	sqlite	raw	prefix	3	69875
sample	repeated	sqlite	raw	prefix	4	55667
sample	repeated	sqlite	raw	prefix	5	21459
sample	repeated	sqlite	raw	prefix	6	27500
sample	repeated	sqlite	raw	prefix	7	74375
sample	repeated	sqlite	raw	render	0	92750
sample	repeated	sqlite	raw	render	1	91708
sample	repeated	sqlite	raw	render	2	47625
sample	repeated	sqlite	raw	render	3	62917
sample	repeated	sqlite	raw	render	4	14833
sample	repeated	sqlite	raw	render	5	7250
sample	repeated	sqlite	raw	render	6	6375
sample	repeated	sqlite	raw	render	7	6292
result	repeated	sqlite	raw	exact.p50_ns	5375
result	repeated	sqlite	raw	exact.p95_ns	5667
result	repeated	sqlite	raw	exact.p99_ns	5667
result	repeated	sqlite	raw	prefix.p50_ns	55667
result	repeated	sqlite	raw	prefix.p95_ns	74375
result	repeated	sqlite	raw	prefix.p99_ns	74375
result	repeated	sqlite	raw	render.p50_ns	47625
result	repeated	sqlite	raw	render.p95_ns	92750
result	repeated	sqlite	raw	render.p99_ns	92750
result	repeated	sqlite	raw	exact.hit.p50_ns	5375
result	repeated	sqlite	raw	exact.hit.p95_ns	5667
result	repeated	sqlite	raw	exact.hit.p99_ns	5667
result	repeated	sqlite	raw	exact.miss.p50_ns	5083
result	repeated	sqlite	raw	exact.miss.p95_ns	5542
result	repeated	sqlite	raw	exact.miss.p99_ns	5542
result	repeated	sqlite	raw	prefix.zero.p50_ns	21459
result	repeated	sqlite	raw	prefix.zero.p95_ns	55667
result	repeated	sqlite	raw	prefix.zero.p99_ns	55667
result	repeated	sqlite	raw	prefix.one.p50_ns	-
result	repeated	sqlite	raw	prefix.one.p95_ns	-
result	repeated	sqlite	raw	prefix.one.p99_ns	-
result	repeated	sqlite	raw	prefix.many.p50_ns	69875
result	repeated	sqlite	raw	prefix.many.p95_ns	74375
result	repeated	sqlite	raw	prefix.many.p99_ns	74375
result	repeated	sqlite	raw	prefix.pathological.p50_ns	-
result	repeated	sqlite	raw	prefix.pathological.p95_ns	-
result	repeated	sqlite	raw	prefix.pathological.p99_ns	-
result	repeated	sqlite	zlib	artifact_bytes	1162
unavailable	repeated	sqlite	zlib	reason	SQLite cannot seek compressed pages without a decompression staging policy
result	repeated	sqlite	zstd	artifact_bytes	1033
unavailable	repeated	sqlite	zstd	reason	SQLite cannot seek compressed pages without a decompression staging policy
result	repeated	stardict	raw	artifact_bytes	7671
result	repeated	stardict	raw	build_ns	836834
sample	repeated	stardict	raw	open	0	220125
sample	repeated	stardict	raw	open	1	207416
sample	repeated	stardict	raw	open	2	113584
sample	repeated	stardict	raw	open	3	281250
sample	repeated	stardict	raw	open	4	60416
sample	repeated	stardict	raw	open	5	101834
sample	repeated	stardict	raw	open	6	62458
sample	repeated	stardict	raw	open	7	236458
sample	repeated	stardict	raw	open	8	44292
sample	repeated	stardict	raw	open	9	140708
sample	repeated	stardict	raw	open	10	53834
sample	repeated	stardict	raw	open	11	35167
sample	repeated	stardict	raw	open	12	33375
sample	repeated	stardict	raw	open	13	170291
sample	repeated	stardict	raw	open	14	135208
sample	repeated	stardict	raw	open	15	72167
sample	repeated	stardict	raw	open	16	70416
sample	repeated	stardict	raw	open	17	85916
sample	repeated	stardict	raw	open	18	197750
sample	repeated	stardict	raw	open	19	107959
sample	repeated	stardict	raw	open	20	105875
sample	repeated	stardict	raw	open	21	116541
sample	repeated	stardict	raw	open	22	115500
sample	repeated	stardict	raw	open	23	73459
sample	repeated	stardict	raw	open	24	83834
result	repeated	stardict	raw	open_ns	105875
result	repeated	stardict	raw	semantic_digest	17180257314182760903
result	repeated	stardict	raw	query_checksum	4399029372800725924
result	repeated	stardict	raw	outputs	74
result	repeated	stardict	raw	logical_prose_bytes	6688
sample	repeated	stardict	raw	exact	0	3667
sample	repeated	stardict	raw	exact	1	1000
sample	repeated	stardict	raw	exact	2	917
sample	repeated	stardict	raw	exact	3	625
sample	repeated	stardict	raw	exact	4	875
sample	repeated	stardict	raw	exact	5	584
sample	repeated	stardict	raw	exact	6	791
sample	repeated	stardict	raw	exact	7	1083
sample	repeated	stardict	raw	prefix	0	1000
sample	repeated	stardict	raw	prefix	1	1084
sample	repeated	stardict	raw	prefix	2	3709
sample	repeated	stardict	raw	prefix	3	3333
sample	repeated	stardict	raw	prefix	4	709
sample	repeated	stardict	raw	prefix	5	625
sample	repeated	stardict	raw	prefix	6	3125
sample	repeated	stardict	raw	prefix	7	8375
sample	repeated	stardict	raw	render	0	5917
sample	repeated	stardict	raw	render	1	792
sample	repeated	stardict	raw	render	2	875
sample	repeated	stardict	raw	render	3	2417
sample	repeated	stardict	raw	render	4	834
sample	repeated	stardict	raw	render	5	916
sample	repeated	stardict	raw	render	6	1084
sample	repeated	stardict	raw	render	7	21917
result	repeated	stardict	raw	exact.p50_ns	917
result	repeated	stardict	raw	exact.p95_ns	3667
result	repeated	stardict	raw	exact.p99_ns	3667
result	repeated	stardict	raw	prefix.p50_ns	3125
result	repeated	stardict	raw	prefix.p95_ns	8375
result	repeated	stardict	raw	prefix.p99_ns	8375
result	repeated	stardict	raw	render.p50_ns	1084
result	repeated	stardict	raw	render.p95_ns	21917
result	repeated	stardict	raw	render.p99_ns	21917
result	repeated	stardict	raw	exact.hit.p50_ns	917
result	repeated	stardict	raw	exact.hit.p95_ns	3667
result	repeated	stardict	raw	exact.hit.p99_ns	3667
result	repeated	stardict	raw	exact.miss.p50_ns	625
result	repeated	stardict	raw	exact.miss.p95_ns	1000
result	repeated	stardict	raw	exact.miss.p99_ns	1000
result	repeated	stardict	raw	prefix.zero.p50_ns	709
result	repeated	stardict	raw	prefix.zero.p95_ns	1000
result	repeated	stardict	raw	prefix.zero.p99_ns	1000
result	repeated	stardict	raw	prefix.one.p50_ns	-
result	repeated	stardict	raw	prefix.one.p95_ns	-
result	repeated	stardict	raw	prefix.one.p99_ns	-
result	repeated	stardict	raw	prefix.many.p50_ns	3333
result	repeated	stardict	raw	prefix.many.p95_ns	8375
result	repeated	stardict	raw	prefix.many.p99_ns	8375
result	repeated	stardict	raw	prefix.pathological.p50_ns	-
result	repeated	stardict	raw	prefix.pathological.p95_ns	-
result	repeated	stardict	raw	prefix.pathological.p99_ns	-
result	repeated	stardict	gzip	artifact_bytes	1306
unavailable	repeated	stardict	gzip	reason	gzip is not StarDict dictzip random access; raw reader is the measured query baseline
result	repeated	dict-index	raw	artifact_bytes	7593
result	repeated	dict-index	raw	build_ns	238666
sample	repeated	dict-index	raw	open	0	50458
sample	repeated	dict-index	raw	open	1	40833
sample	repeated	dict-index	raw	open	2	39459
sample	repeated	dict-index	raw	open	3	35916
sample	repeated	dict-index	raw	open	4	35125
sample	repeated	dict-index	raw	open	5	34792
sample	repeated	dict-index	raw	open	6	33125
sample	repeated	dict-index	raw	open	7	34791
sample	repeated	dict-index	raw	open	8	32875
sample	repeated	dict-index	raw	open	9	32666
sample	repeated	dict-index	raw	open	10	32208
sample	repeated	dict-index	raw	open	11	31583
sample	repeated	dict-index	raw	open	12	84333
sample	repeated	dict-index	raw	open	13	127250
sample	repeated	dict-index	raw	open	14	42792
sample	repeated	dict-index	raw	open	15	45500
sample	repeated	dict-index	raw	open	16	277250
sample	repeated	dict-index	raw	open	17	254750
sample	repeated	dict-index	raw	open	18	177625
sample	repeated	dict-index	raw	open	19	131042
sample	repeated	dict-index	raw	open	20	91709
sample	repeated	dict-index	raw	open	21	113125
sample	repeated	dict-index	raw	open	22	52459
sample	repeated	dict-index	raw	open	23	37042
sample	repeated	dict-index	raw	open	24	34500
result	repeated	dict-index	raw	open_ns	40833
result	repeated	dict-index	raw	semantic_digest	17180257314182760903
result	repeated	dict-index	raw	query_checksum	4399029372800725924
result	repeated	dict-index	raw	outputs	74
result	repeated	dict-index	raw	logical_prose_bytes	6688
sample	repeated	dict-index	raw	exact	0	458
sample	repeated	dict-index	raw	exact	1	375
sample	repeated	dict-index	raw	exact	2	458
sample	repeated	dict-index	raw	exact	3	334
sample	repeated	dict-index	raw	exact	4	375
sample	repeated	dict-index	raw	exact	5	250
sample	repeated	dict-index	raw	exact	6	333
sample	repeated	dict-index	raw	exact	7	417
sample	repeated	dict-index	raw	prefix	0	291
sample	repeated	dict-index	raw	prefix	1	458
sample	repeated	dict-index	raw	prefix	2	1417
sample	repeated	dict-index	raw	prefix	3	1291
sample	repeated	dict-index	raw	prefix	4	334
sample	repeated	dict-index	raw	prefix	5	292
sample	repeated	dict-index	raw	prefix	6	1209
sample	repeated	dict-index	raw	prefix	7	1417
sample	repeated	dict-index	raw	render	0	375
sample	repeated	dict-index	raw	render	1	250
sample	repeated	dict-index	raw	render	2	250
sample	repeated	dict-index	raw	render	3	250
sample	repeated	dict-index	raw	render	4	292
sample	repeated	dict-index	raw	render	5	208
sample	repeated	dict-index	raw	render	6	250
sample	repeated	dict-index	raw	render	7	209
result	repeated	dict-index	raw	exact.p50_ns	375
result	repeated	dict-index	raw	exact.p95_ns	458
result	repeated	dict-index	raw	exact.p99_ns	458
result	repeated	dict-index	raw	prefix.p50_ns	1209
result	repeated	dict-index	raw	prefix.p95_ns	1417
result	repeated	dict-index	raw	prefix.p99_ns	1417
result	repeated	dict-index	raw	render.p50_ns	250
result	repeated	dict-index	raw	render.p95_ns	375
result	repeated	dict-index	raw	render.p99_ns	375
result	repeated	dict-index	raw	exact.hit.p50_ns	417
result	repeated	dict-index	raw	exact.hit.p95_ns	458
result	repeated	dict-index	raw	exact.hit.p99_ns	458
result	repeated	dict-index	raw	exact.miss.p50_ns	334
result	repeated	dict-index	raw	exact.miss.p95_ns	375
result	repeated	dict-index	raw	exact.miss.p99_ns	375
result	repeated	dict-index	raw	prefix.zero.p50_ns	292
result	repeated	dict-index	raw	prefix.zero.p95_ns	334
result	repeated	dict-index	raw	prefix.zero.p99_ns	334
result	repeated	dict-index	raw	prefix.one.p50_ns	-
result	repeated	dict-index	raw	prefix.one.p95_ns	-
result	repeated	dict-index	raw	prefix.one.p99_ns	-
result	repeated	dict-index	raw	prefix.many.p50_ns	1291
result	repeated	dict-index	raw	prefix.many.p95_ns	1417
result	repeated	dict-index	raw	prefix.many.p99_ns	1417
result	repeated	dict-index	raw	prefix.pathological.p50_ns	-
result	repeated	dict-index	raw	prefix.pathological.p95_ns	-
result	repeated	dict-index	raw	prefix.pathological.p99_ns	-
result	repeated	dict-index	dictzip	artifact_bytes	1249
result	repeated	dict-index	dictzip	build_ns	9050583
sample	repeated	dict-index	dictzip	open	0	381125
sample	repeated	dict-index	dictzip	open	1	199917
sample	repeated	dict-index	dictzip	open	2	70167
sample	repeated	dict-index	dictzip	open	3	56375
sample	repeated	dict-index	dictzip	open	4	54667
sample	repeated	dict-index	dictzip	open	5	53625
sample	repeated	dict-index	dictzip	open	6	52959
sample	repeated	dict-index	dictzip	open	7	53000
sample	repeated	dict-index	dictzip	open	8	51709
sample	repeated	dict-index	dictzip	open	9	52083
sample	repeated	dict-index	dictzip	open	10	53625
sample	repeated	dict-index	dictzip	open	11	51042
sample	repeated	dict-index	dictzip	open	12	51458
sample	repeated	dict-index	dictzip	open	13	51375
sample	repeated	dict-index	dictzip	open	14	58625
sample	repeated	dict-index	dictzip	open	15	52208
sample	repeated	dict-index	dictzip	open	16	51250
sample	repeated	dict-index	dictzip	open	17	52208
sample	repeated	dict-index	dictzip	open	18	50792
sample	repeated	dict-index	dictzip	open	19	49667
sample	repeated	dict-index	dictzip	open	20	50875
sample	repeated	dict-index	dictzip	open	21	50417
sample	repeated	dict-index	dictzip	open	22	49292
sample	repeated	dict-index	dictzip	open	23	48500
sample	repeated	dict-index	dictzip	open	24	941875
result	repeated	dict-index	dictzip	open_ns	52208
result	repeated	dict-index	dictzip	semantic_digest	17180257314182760903
result	repeated	dict-index	dictzip	query_checksum	4399029372800725924
result	repeated	dict-index	dictzip	outputs	74
result	repeated	dict-index	dictzip	logical_prose_bytes	6688
sample	repeated	dict-index	dictzip	exact	0	13791
sample	repeated	dict-index	dictzip	exact	1	7208
sample	repeated	dict-index	dictzip	exact	2	11125
sample	repeated	dict-index	dictzip	exact	3	1083
sample	repeated	dict-index	dictzip	exact	4	2083
sample	repeated	dict-index	dictzip	exact	5	792
sample	repeated	dict-index	dictzip	exact	6	917
sample	repeated	dict-index	dictzip	exact	7	1125
sample	repeated	dict-index	dictzip	prefix	0	6208
sample	repeated	dict-index	dictzip	prefix	1	1167
sample	repeated	dict-index	dictzip	prefix	2	4125
sample	repeated	dict-index	dictzip	prefix	3	3459
sample	repeated	dict-index	dictzip	prefix	4	791
sample	repeated	dict-index	dictzip	prefix	5	625
sample	repeated	dict-index	dictzip	prefix	6	5500
sample	repeated	dict-index	dictzip	prefix	7	1750
sample	repeated	dict-index	dictzip	render	0	5997542
sample	repeated	dict-index	dictzip	render	1	6105541
sample	repeated	dict-index	dictzip	render	2	4849500
sample	repeated	dict-index	dictzip	render	3	6608458
sample	repeated	dict-index	dictzip	render	4	7457083
sample	repeated	dict-index	dictzip	render	5	6955167
sample	repeated	dict-index	dictzip	render	6	4770583
sample	repeated	dict-index	dictzip	render	7	5532500
result	repeated	dict-index	dictzip	exact.p50_ns	2083
result	repeated	dict-index	dictzip	exact.p95_ns	13791
result	repeated	dict-index	dictzip	exact.p99_ns	13791
result	repeated	dict-index	dictzip	prefix.p50_ns	3459
result	repeated	dict-index	dictzip	prefix.p95_ns	6208
result	repeated	dict-index	dictzip	prefix.p99_ns	6208
result	repeated	dict-index	dictzip	render.p50_ns	6105541
result	repeated	dict-index	dictzip	render.p95_ns	7457083
result	repeated	dict-index	dictzip	render.p99_ns	7457083
result	repeated	dict-index	dictzip	exact.hit.p50_ns	2083
result	repeated	dict-index	dictzip	exact.hit.p95_ns	13791
result	repeated	dict-index	dictzip	exact.hit.p99_ns	13791
result	repeated	dict-index	dictzip	exact.miss.p50_ns	1083
result	repeated	dict-index	dictzip	exact.miss.p95_ns	7208
result	repeated	dict-index	dictzip	exact.miss.p99_ns	7208
result	repeated	dict-index	dictzip	prefix.zero.p50_ns	791
result	repeated	dict-index	dictzip	prefix.zero.p95_ns	6208
result	repeated	dict-index	dictzip	prefix.zero.p99_ns	6208
result	repeated	dict-index	dictzip	prefix.one.p50_ns	-
result	repeated	dict-index	dictzip	prefix.one.p95_ns	-
result	repeated	dict-index	dictzip	prefix.one.p99_ns	-
result	repeated	dict-index	dictzip	prefix.many.p50_ns	3459
result	repeated	dict-index	dictzip	prefix.many.p95_ns	5500
result	repeated	dict-index	dictzip	prefix.many.p99_ns	5500
result	repeated	dict-index	dictzip	prefix.pathological.p50_ns	-
result	repeated	dict-index	dictzip	prefix.pathological.p95_ns	-
result	repeated	dict-index	dictzip	prefix.pathological.p99_ns	-
result	repeated	slob	raw	artifact_bytes	9277
result	repeated	slob	raw	build_ns	14327958
sample	repeated	slob	raw	open	0	162916
sample	repeated	slob	raw	open	1	79459
sample	repeated	slob	raw	open	2	67584
sample	repeated	slob	raw	open	3	62250
sample	repeated	slob	raw	open	4	62417
sample	repeated	slob	raw	open	5	70125
sample	repeated	slob	raw	open	6	76167
sample	repeated	slob	raw	open	7	402625
sample	repeated	slob	raw	open	8	412875
sample	repeated	slob	raw	open	9	131959
sample	repeated	slob	raw	open	10	71125
sample	repeated	slob	raw	open	11	63667
sample	repeated	slob	raw	open	12	125875
sample	repeated	slob	raw	open	13	255208
sample	repeated	slob	raw	open	14	427625
sample	repeated	slob	raw	open	15	424875
sample	repeated	slob	raw	open	16	201000
sample	repeated	slob	raw	open	17	190500
sample	repeated	slob	raw	open	18	83625
sample	repeated	slob	raw	open	19	65708
sample	repeated	slob	raw	open	20	260083
sample	repeated	slob	raw	open	21	65375
sample	repeated	slob	raw	open	22	61958
sample	repeated	slob	raw	open	23	62958
sample	repeated	slob	raw	open	24	59666
result	repeated	slob	raw	open_ns	79459
result	repeated	slob	raw	semantic_digest	17180257314182760903
result	repeated	slob	raw	query_checksum	4399029372800725924
result	repeated	slob	raw	outputs	74
result	repeated	slob	raw	logical_prose_bytes	6688
sample	repeated	slob	raw	exact	0	1044292
sample	repeated	slob	raw	exact	1	577166
sample	repeated	slob	raw	exact	2	1269500
sample	repeated	slob	raw	exact	3	639916
sample	repeated	slob	raw	exact	4	760125
sample	repeated	slob	raw	exact	5	707709
sample	repeated	slob	raw	exact	6	868083
sample	repeated	slob	raw	exact	7	888583
sample	repeated	slob	raw	prefix	0	565625
sample	repeated	slob	raw	prefix	1	642333
sample	repeated	slob	raw	prefix	2	1591417
sample	repeated	slob	raw	prefix	3	1939208
sample	repeated	slob	raw	prefix	4	764500
sample	repeated	slob	raw	prefix	5	1567000
sample	repeated	slob	raw	prefix	6	1378791
sample	repeated	slob	raw	prefix	7	1951666
sample	repeated	slob	raw	render	0	55666
sample	repeated	slob	raw	render	1	25583
sample	repeated	slob	raw	render	2	22625
sample	repeated	slob	raw	render	3	20625
sample	repeated	slob	raw	render	4	20208
sample	repeated	slob	raw	render	5	20125
sample	repeated	slob	raw	render	6	20084
sample	repeated	slob	raw	render	7	19834
result	repeated	slob	raw	exact.p50_ns	868083
result	repeated	slob	raw	exact.p95_ns	1269500
result	repeated	slob	raw	exact.p99_ns	1269500
result	repeated	slob	raw	prefix.p50_ns	1567000
result	repeated	slob	raw	prefix.p95_ns	1951666
result	repeated	slob	raw	prefix.p99_ns	1951666
result	repeated	slob	raw	render.p50_ns	20625
result	repeated	slob	raw	render.p95_ns	55666
result	repeated	slob	raw	render.p99_ns	55666
result	repeated	slob	raw	exact.hit.p50_ns	888583
result	repeated	slob	raw	exact.hit.p95_ns	1269500
result	repeated	slob	raw	exact.hit.p99_ns	1269500
result	repeated	slob	raw	exact.miss.p50_ns	639916
result	repeated	slob	raw	exact.miss.p95_ns	707709
result	repeated	slob	raw	exact.miss.p99_ns	707709
result	repeated	slob	raw	prefix.zero.p50_ns	764500
result	repeated	slob	raw	prefix.zero.p95_ns	1567000
result	repeated	slob	raw	prefix.zero.p99_ns	1567000
result	repeated	slob	raw	prefix.one.p50_ns	-
result	repeated	slob	raw	prefix.one.p95_ns	-
result	repeated	slob	raw	prefix.one.p99_ns	-
result	repeated	slob	raw	prefix.many.p50_ns	1591417
result	repeated	slob	raw	prefix.many.p95_ns	1951666
result	repeated	slob	raw	prefix.many.p99_ns	1951666
result	repeated	slob	raw	prefix.pathological.p50_ns	-
result	repeated	slob	raw	prefix.pathological.p95_ns	-
result	repeated	slob	raw	prefix.pathological.p99_ns	-
result	repeated	slob	lzma2	artifact_bytes	2734
result	repeated	slob	lzma2	build_ns	24940166
sample	repeated	slob	lzma2	open	0	142750
sample	repeated	slob	lzma2	open	1	72167
sample	repeated	slob	lzma2	open	2	64584
sample	repeated	slob	lzma2	open	3	62750
sample	repeated	slob	lzma2	open	4	76375
sample	repeated	slob	lzma2	open	5	74917
sample	repeated	slob	lzma2	open	6	62542
sample	repeated	slob	lzma2	open	7	58709
sample	repeated	slob	lzma2	open	8	58667
sample	repeated	slob	lzma2	open	9	58542
sample	repeated	slob	lzma2	open	10	123917
sample	repeated	slob	lzma2	open	11	285667
sample	repeated	slob	lzma2	open	12	176583
sample	repeated	slob	lzma2	open	13	180834
sample	repeated	slob	lzma2	open	14	190917
sample	repeated	slob	lzma2	open	15	79292
sample	repeated	slob	lzma2	open	16	70083
sample	repeated	slob	lzma2	open	17	63917
sample	repeated	slob	lzma2	open	18	59333
sample	repeated	slob	lzma2	open	19	59875
sample	repeated	slob	lzma2	open	20	67292
sample	repeated	slob	lzma2	open	21	59417
sample	repeated	slob	lzma2	open	22	57375
sample	repeated	slob	lzma2	open	23	1177875
sample	repeated	slob	lzma2	open	24	375875
result	repeated	slob	lzma2	open_ns	70083
result	repeated	slob	lzma2	semantic_digest	17180257314182760903
result	repeated	slob	lzma2	query_checksum	4399029372800725924
result	repeated	slob	lzma2	outputs	74
result	repeated	slob	lzma2	logical_prose_bytes	6688
sample	repeated	slob	lzma2	exact	0	313875
sample	repeated	slob	lzma2	exact	1	186625
sample	repeated	slob	lzma2	exact	2	276375
sample	repeated	slob	lzma2	exact	3	592417
sample	repeated	slob	lzma2	exact	4	811667
sample	repeated	slob	lzma2	exact	5	219541
sample	repeated	slob	lzma2	exact	6	724958
sample	repeated	slob	lzma2	exact	7	981625
sample	repeated	slob	lzma2	prefix	0	641292
sample	repeated	slob	lzma2	prefix	1	625208
sample	repeated	slob	lzma2	prefix	2	1001625
sample	repeated	slob	lzma2	prefix	3	2102583
sample	repeated	slob	lzma2	prefix	4	1138625
sample	repeated	slob	lzma2	prefix	5	507958
sample	repeated	slob	lzma2	prefix	6	1364083
sample	repeated	slob	lzma2	prefix	7	694375
sample	repeated	slob	lzma2	render	0	43666
sample	repeated	slob	lzma2	render	1	22292
sample	repeated	slob	lzma2	render	2	20416
sample	repeated	slob	lzma2	render	3	20084
sample	repeated	slob	lzma2	render	4	22583
sample	repeated	slob	lzma2	render	5	19833
sample	repeated	slob	lzma2	render	6	19334
sample	repeated	slob	lzma2	render	7	19541
result	repeated	slob	lzma2	exact.p50_ns	592417
result	repeated	slob	lzma2	exact.p95_ns	981625
result	repeated	slob	lzma2	exact.p99_ns	981625
result	repeated	slob	lzma2	prefix.p50_ns	1001625
result	repeated	slob	lzma2	prefix.p95_ns	2102583
result	repeated	slob	lzma2	prefix.p99_ns	2102583
result	repeated	slob	lzma2	render.p50_ns	20416
result	repeated	slob	lzma2	render.p95_ns	43666
result	repeated	slob	lzma2	render.p99_ns	43666
result	repeated	slob	lzma2	exact.hit.p50_ns	724958
result	repeated	slob	lzma2	exact.hit.p95_ns	981625
result	repeated	slob	lzma2	exact.hit.p99_ns	981625
result	repeated	slob	lzma2	exact.miss.p50_ns	219541
result	repeated	slob	lzma2	exact.miss.p95_ns	592417
result	repeated	slob	lzma2	exact.miss.p99_ns	592417
result	repeated	slob	lzma2	prefix.zero.p50_ns	641292
result	repeated	slob	lzma2	prefix.zero.p95_ns	1138625
result	repeated	slob	lzma2	prefix.zero.p99_ns	1138625
result	repeated	slob	lzma2	prefix.one.p50_ns	-
result	repeated	slob	lzma2	prefix.one.p95_ns	-
result	repeated	slob	lzma2	prefix.one.p99_ns	-
result	repeated	slob	lzma2	prefix.many.p50_ns	1001625
result	repeated	slob	lzma2	prefix.many.p95_ns	2102583
result	repeated	slob	lzma2	prefix.many.p99_ns	2102583
result	repeated	slob	lzma2	prefix.pathological.p50_ns	-
result	repeated	slob	lzma2	prefix.pathological.p95_ns	-
result	repeated	slob	lzma2	prefix.pathological.p99_ns	-
