fetching git input 'git+file:///Users/mileswirht/Downloads/dictionary'
copying path '/nix/store/xrvpcjmpgjvkw8vzljf1kmm92avk94gd-bin' from 'https://cache.nixos.org'...
copying path '/nix/store/jzp2rfdrcaqlljjg2wb6czd1rv9i23zp-zstd-1.5.7-bin' from 'https://cache.nixos.org'...
copying path '/nix/store/c3bflabvazswgapmmb3qsls5m4pn7ici-bzip2-1.0.8-dev' from 'https://cache.nixos.org'...
copying path '/nix/store/7qp9wwbm8d65nxcw9qriw0id5661yn6b-sqlite-3.53.3-bin' from 'https://cache.nixos.org'...
copying path '/nix/store/gh5y4y5jnzl7z676dl5jm6bbzf509bms-die-hook' from 'https://cache.nixos.org'...
copying path '/nix/store/xl18q8v89ccl7isk9dfnlbrlzv1za59j-stdenv-darwin' from 'https://cache.nixos.org'...
copying path '/nix/store/xi88rjdam4pv2rgfxv6swra1gfzrwif9-perl-5.42.3' from 'https://cache.nixos.org'...
copying path '/nix/store/7pn9acxanlfq0h9vws8113w37yadrn4s-make-binary-wrapper-hook' from 'https://cache.nixos.org'...
copying path '/nix/store/krcnbpwana1dpxx45a0yzqjk8hpi9ff8-hyperfine-1.20.0' from 'https://cache.nixos.org'...
building '/nix/store/41vh1zrlic7sydhzix7djqdi1jbfjmjy-builder.pl.drv'...
copying path '/nix/store/kb5iw7853xfrkld9zlmkwkwam0yllw94-lld-21.1.8-lib' from 'https://cache.nixos.org'...
copying path '/nix/store/895xjmaqf329l5mia9gpvx0d0pq6bx15-icu4c-78.3' from 'https://cache.nixos.org'...
copying path '/nix/store/28608gb56nba90n06x84rxp8lv574z3h-sdcv-0.5.5' from 'https://cache.nixos.org'...
copying path '/nix/store/0a483npd9jfmlfbxd9m67vf7zqyk0jmc-zstd-1.5.7-dev' from 'https://cache.nixos.org'...
builder.pl> Running phase: patchPhase
builder.pl> Running phase: updateAutotoolsGnuConfigScriptsPhase
copying path '/nix/store/s035fz24ywcncsw0yyvnh7wqryc94bsn-libmaa-1.3.2' from 'https://cache.nixos.org'...
builder.pl> Running phase: configurePhase
builder.pl> no configure script, doing nothing
builder.pl> Running phase: buildPhase
copying path '/nix/store/im29grm7x9l6phz7j0i2kbwszyjglhs8-sqlite-3.53.3-dev' from 'https://cache.nixos.org'...
builder.pl> Running phase: checkPhase
builder.pl> Running phase: installPhase
builder.pl> no Makefile or custom installPhase, doing nothing
builder.pl> Running phase: fixupPhase
builder.pl> checking for references to /nix/var/nix/b/53fm326dcwv6cgn6k6ah618b91/ in /nix/store/rxp1cjbndly5y12jzpczqmv7h5a9yg7r-builder.pl...
copying path '/nix/store/krj4b2qzq617m6yc30c1gmz06avsj19p-dictd-1.13.3' from 'https://cache.nixos.org'...
builder.pl> patching script interpreter paths in /nix/store/rxp1cjbndly5y12jzpczqmv7h5a9yg7r-builder.pl
copying path '/nix/store/j3fyiv1i1hb713k2p5q0pxmnv4bral9w-zig-0.16.0' from 'https://cache.nixos.org'...
copying path '/nix/store/4xldmvqrknj6v89v0m1b778k7yhq8ld2-python3.14-pyicu-2.16.2' from 'https://cache.nixos.org'...
copying path '/nix/store/hg64hv3b3w5s54rlv03pka7187c5bpaa-python3.14-slob-0-unstable-2024-04-19' from 'https://cache.nixos.org'...
building '/nix/store/vf6s5gmdjhy251adxjp7530wi739xgxh-python3-3.14.7-env.drv'...
python3> structuredAttrs is enabled
python3> created 232 symlinks in user environment
building '/nix/store/iwfw3b7gyg6iw1bz58qa82r0wyfiqkd0-nix-shell-env.drv'...
this path will be fetched (0.10 MiB download, 0.10 MiB unpacked):
  /nix/store/qxkgsgsg0n5k61ndbpsy3sqf7s3rdkzp-bash-interactive-5.3p15-man
copying path '/nix/store/qxkgsgsg0n5k61ndbpsy3sqf7s3rdkzp-bash-interactive-5.3p15-man' from 'https://cache.nixos.org'...
