meta	global	zig_version	0.16.0
meta	global	target	macos-aarch64
meta	global	seed	5495895892047298561
meta	repeated	records	16
meta	repeated	repetitions	4
meta	repeated	warmup	1
meta	repeated	seed	5495895892047298561
meta	repeated	semantic_digest	10420606529423384725
meta	repeated	logical_prose_bytes	3344
meta	repeated	exact_hit_probes	2
meta	repeated	exact_miss_probes	2
meta	repeated	prefix_zero_probes	1
meta	repeated	prefix_one_probes	0
meta	repeated	prefix_many_probes	3
meta	repeated	prefix_pathological_probes	0
result	repeated	v1	raw	artifact_bytes	2064
result	repeated	v1	raw	build_ns	38875
sample	repeated	v1	raw	open	0	7125
result	repeated	v1	raw	open.p50_ns	7125
result	repeated	v1	raw	open.p95_ns	7125
result	repeated	v1	raw	open.p99_ns	7125
result	repeated	v1	raw	open_ns	7125
result	repeated	v1	raw	semantic_digest	10420606529423384725
result	repeated	v1	raw	query_checksum	16870892020640966294
result	repeated	v1	raw	outputs	21
sample	repeated	v1	raw	exact	0	333
sample	repeated	v1	raw	exact	1	209
sample	repeated	v1	raw	exact	2	417
sample	repeated	v1	raw	exact	3	83
result	repeated	v1	raw	exact.p50_ns	333
result	repeated	v1	raw	exact.p95_ns	417
result	repeated	v1	raw	exact.p99_ns	417
sample	repeated	v1	raw	prefix	0	250
sample	repeated	v1	raw	prefix	1	458
sample	repeated	v1	raw	prefix	2	542
sample	repeated	v1	raw	prefix	3	417
result	repeated	v1	raw	prefix.p50_ns	458
result	repeated	v1	raw	prefix.p95_ns	542
result	repeated	v1	raw	prefix.p99_ns	542
sample	repeated	v1	raw	render	0	958
sample	repeated	v1	raw	render	1	959
sample	repeated	v1	raw	render	2	916
sample	repeated	v1	raw	render	3	917
result	repeated	v1	raw	render.p50_ns	958
result	repeated	v1	raw	render.p95_ns	959
result	repeated	v1	raw	render.p99_ns	959
result	repeated	v1	raw	exact.hit.p50_ns	417
result	repeated	v1	raw	exact.hit.p95_ns	417
result	repeated	v1	raw	exact.hit.p99_ns	417
result	repeated	v1	raw	exact.miss.p50_ns	209
result	repeated	v1	raw	exact.miss.p95_ns	209
result	repeated	v1	raw	exact.miss.p99_ns	209
result	repeated	v1	raw	prefix.zero.p50_ns	250
result	repeated	v1	raw	prefix.zero.p95_ns	250
result	repeated	v1	raw	prefix.zero.p99_ns	250
result	repeated	v1	raw	prefix.one.p50_ns	-
result	repeated	v1	raw	prefix.one.p95_ns	-
result	repeated	v1	raw	prefix.one.p99_ns	-
result	repeated	v1	raw	prefix.many.p50_ns	458
result	repeated	v1	raw	prefix.many.p95_ns	542
result	repeated	v1	raw	prefix.many.p99_ns	542
result	repeated	v1	raw	prefix.pathological.p50_ns	-
result	repeated	v1	raw	prefix.pathological.p95_ns	-
result	repeated	v1	raw	prefix.pathological.p99_ns	-
result	repeated	v1	bzip3	artifact_bytes	1496
result	repeated	v1	bzip3	build_ns	372000
sample	repeated	v1	bzip3	open	0	28000
result	repeated	v1	bzip3	open.p50_ns	28000
result	repeated	v1	bzip3	open.p95_ns	28000
result	repeated	v1	bzip3	open.p99_ns	28000
result	repeated	v1	bzip3	open_ns	28000
result	repeated	v1	bzip3	semantic_digest	10420606529423384725
result	repeated	v1	bzip3	query_checksum	16870892020640966294
result	repeated	v1	bzip3	outputs	21
sample	repeated	v1	bzip3	exact	0	375
sample	repeated	v1	bzip3	exact	1	208
sample	repeated	v1	bzip3	exact	2	458
sample	repeated	v1	bzip3	exact	3	125
result	repeated	v1	bzip3	exact.p50_ns	375
result	repeated	v1	bzip3	exact.p95_ns	458
result	repeated	v1	bzip3	exact.p99_ns	458
sample	repeated	v1	bzip3	prefix	0	292
sample	repeated	v1	bzip3	prefix	1	500
sample	repeated	v1	bzip3	prefix	2	584
sample	repeated	v1	bzip3	prefix	3	416
result	repeated	v1	bzip3	prefix.p50_ns	500
result	repeated	v1	bzip3	prefix.p95_ns	584
result	repeated	v1	bzip3	prefix.p99_ns	584
sample	repeated	v1	bzip3	render	0	79459
sample	repeated	v1	bzip3	render	1	81833
sample	repeated	v1	bzip3	render	2	197541
sample	repeated	v1	bzip3	render	3	800667
result	repeated	v1	bzip3	render.p50_ns	197541
result	repeated	v1	bzip3	render.p95_ns	800667
result	repeated	v1	bzip3	render.p99_ns	800667
result	repeated	v1	bzip3	exact.hit.p50_ns	458
result	repeated	v1	bzip3	exact.hit.p95_ns	458
result	repeated	v1	bzip3	exact.hit.p99_ns	458
result	repeated	v1	bzip3	exact.miss.p50_ns	208
result	repeated	v1	bzip3	exact.miss.p95_ns	208
result	repeated	v1	bzip3	exact.miss.p99_ns	208
result	repeated	v1	bzip3	prefix.zero.p50_ns	292
result	repeated	v1	bzip3	prefix.zero.p95_ns	292
result	repeated	v1	bzip3	prefix.zero.p99_ns	292
result	repeated	v1	bzip3	prefix.one.p50_ns	-
result	repeated	v1	bzip3	prefix.one.p95_ns	-
result	repeated	v1	bzip3	prefix.one.p99_ns	-
result	repeated	v1	bzip3	prefix.many.p50_ns	500
result	repeated	v1	bzip3	prefix.many.p95_ns	584
result	repeated	v1	bzip3	prefix.many.p99_ns	584
result	repeated	v1	bzip3	prefix.pathological.p50_ns	-
result	repeated	v1	bzip3	prefix.pathological.p95_ns	-
result	repeated	v1	bzip3	prefix.pathological.p99_ns	-
result	repeated	v2	raw.latency	artifact_bytes	14432
result	repeated	v2	raw.latency	build_ns	622750
sample	repeated	v2	raw.latency	open	0	100625
result	repeated	v2	raw.latency	open.p50_ns	100625
result	repeated	v2	raw.latency	open.p95_ns	100625
result	repeated	v2	raw.latency	open.p99_ns	100625
result	repeated	v2	raw.latency	open_ns	100625
result	repeated	v2	raw.latency	semantic_digest	10420606529423384725
result	repeated	v2	raw.latency	query_checksum	16870892020640966294
result	repeated	v2	raw.latency	outputs	21
result	repeated	v2	raw.latency	logical_prose_bytes	3344
sample	repeated	v2	raw.latency	exact	0	292
sample	repeated	v2	raw.latency	exact	1	167
sample	repeated	v2	raw.latency	exact	2	250
sample	repeated	v2	raw.latency	exact	3	83
result	repeated	v2	raw.latency	exact.p50_ns	250
result	repeated	v2	raw.latency	exact.p95_ns	292
result	repeated	v2	raw.latency	exact.p99_ns	292
sample	repeated	v2	raw.latency	prefix	0	208
sample	repeated	v2	raw.latency	prefix	1	416
sample	repeated	v2	raw.latency	prefix	2	416
sample	repeated	v2	raw.latency	prefix	3	292
result	repeated	v2	raw.latency	prefix.p50_ns	416
result	repeated	v2	raw.latency	prefix.p95_ns	416
result	repeated	v2	raw.latency	prefix.p99_ns	416
sample	repeated	v2	raw.latency	render	0	125
sample	repeated	v2	raw.latency	render	1	41
sample	repeated	v2	raw.latency	render	2	83
sample	repeated	v2	raw.latency	render	3	42
result	repeated	v2	raw.latency	render.p50_ns	83
result	repeated	v2	raw.latency	render.p95_ns	125
result	repeated	v2	raw.latency	render.p99_ns	125
result	repeated	v2	raw.latency	exact.hit.p50_ns	292
result	repeated	v2	raw.latency	exact.hit.p95_ns	292
result	repeated	v2	raw.latency	exact.hit.p99_ns	292
result	repeated	v2	raw.latency	exact.miss.p50_ns	167
result	repeated	v2	raw.latency	exact.miss.p95_ns	167
result	repeated	v2	raw.latency	exact.miss.p99_ns	167
result	repeated	v2	raw.latency	prefix.zero.p50_ns	208
result	repeated	v2	raw.latency	prefix.zero.p95_ns	208
result	repeated	v2	raw.latency	prefix.zero.p99_ns	208
result	repeated	v2	raw.latency	prefix.one.p50_ns	-
result	repeated	v2	raw.latency	prefix.one.p95_ns	-
result	repeated	v2	raw.latency	prefix.one.p99_ns	-
result	repeated	v2	raw.latency	prefix.many.p50_ns	416
result	repeated	v2	raw.latency	prefix.many.p95_ns	416
result	repeated	v2	raw.latency	prefix.many.p99_ns	416
result	repeated	v2	raw.latency	prefix.pathological.p50_ns	-
result	repeated	v2	raw.latency	prefix.pathological.p95_ns	-
result	repeated	v2	raw.latency	prefix.pathological.p99_ns	-
result	repeated	v2	bzip3.latency	artifact_bytes	11360
result	repeated	v2	bzip3.latency	build_ns	730500
sample	repeated	v2	bzip3.latency	open	0	311542
result	repeated	v2	bzip3.latency	open.p50_ns	311542
result	repeated	v2	bzip3.latency	open.p95_ns	311542
result	repeated	v2	bzip3.latency	open.p99_ns	311542
result	repeated	v2	bzip3.latency	open_ns	311542
result	repeated	v2	bzip3.latency	semantic_digest	10420606529423384725
result	repeated	v2	bzip3.latency	query_checksum	16870892020640966294
result	repeated	v2	bzip3.latency	outputs	21
result	repeated	v2	bzip3.latency	logical_prose_bytes	3344
sample	repeated	v2	bzip3.latency	exact	0	1417
sample	repeated	v2	bzip3.latency	exact	1	21083
sample	repeated	v2	bzip3.latency	exact	2	1042
sample	repeated	v2	bzip3.latency	exact	3	231625
result	repeated	v2	bzip3.latency	exact.p50_ns	21083
result	repeated	v2	bzip3.latency	exact.p95_ns	231625
result	repeated	v2	bzip3.latency	exact.p99_ns	231625
sample	repeated	v2	bzip3.latency	prefix	0	833
sample	repeated	v2	bzip3.latency	prefix	1	1416
sample	repeated	v2	bzip3.latency	prefix	2	1166
sample	repeated	v2	bzip3.latency	prefix	3	750
result	repeated	v2	bzip3.latency	prefix.p50_ns	1166
result	repeated	v2	bzip3.latency	prefix.p95_ns	1416
result	repeated	v2	bzip3.latency	prefix.p99_ns	1416
sample	repeated	v2	bzip3.latency	render	0	974292
sample	repeated	v2	bzip3.latency	render	1	278083
sample	repeated	v2	bzip3.latency	render	2	1651000
sample	repeated	v2	bzip3.latency	render	3	313083
result	repeated	v2	bzip3.latency	render.p50_ns	974292
result	repeated	v2	bzip3.latency	render.p95_ns	1651000
result	repeated	v2	bzip3.latency	render.p99_ns	1651000
result	repeated	v2	bzip3.latency	exact.hit.p50_ns	1417
result	repeated	v2	bzip3.latency	exact.hit.p95_ns	1417
result	repeated	v2	bzip3.latency	exact.hit.p99_ns	1417
result	repeated	v2	bzip3.latency	exact.miss.p50_ns	231625
result	repeated	v2	bzip3.latency	exact.miss.p95_ns	231625
result	repeated	v2	bzip3.latency	exact.miss.p99_ns	231625
result	repeated	v2	bzip3.latency	prefix.zero.p50_ns	833
result	repeated	v2	bzip3.latency	prefix.zero.p95_ns	833
result	repeated	v2	bzip3.latency	prefix.zero.p99_ns	833
result	repeated	v2	bzip3.latency	prefix.one.p50_ns	-
result	repeated	v2	bzip3.latency	prefix.one.p95_ns	-
result	repeated	v2	bzip3.latency	prefix.one.p99_ns	-
result	repeated	v2	bzip3.latency	prefix.many.p50_ns	1166
result	repeated	v2	bzip3.latency	prefix.many.p95_ns	1416
result	repeated	v2	bzip3.latency	prefix.many.p99_ns	1416
result	repeated	v2	bzip3.latency	prefix.pathological.p50_ns	-
result	repeated	v2	bzip3.latency	prefix.pathological.p95_ns	-
result	repeated	v2	bzip3.latency	prefix.pathological.p99_ns	-
