meta	global	zig_version	0.16.0
meta	global	target	macos-aarch64
meta	global	seed	5495895892047298561
meta	rich	records	16
meta	rich	repetitions	4
meta	rich	warmup	1
meta	rich	seed	5495895892047298561
meta	rich	semantic_digest	10432184689069109469
meta	rich	logical_prose_bytes	3046
meta	rich	exact_hit_probes	2
meta	rich	exact_miss_probes	2
meta	rich	prefix_zero_probes	1
meta	rich	prefix_one_probes	1
meta	rich	prefix_many_probes	2
meta	rich	prefix_pathological_probes	0
result	rich	v1	raw	artifact_bytes	4352
result	rich	v1	raw	build_ns	130125
sample	rich	v1	raw	open	0	22917
result	rich	v1	raw	open.p50_ns	22917
result	rich	v1	raw	open.p95_ns	22917
result	rich	v1	raw	open.p99_ns	22917
result	rich	v1	raw	open_ns	22917
result	rich	v1	raw	semantic_digest	10432184689069109469
result	rich	v1	raw	query_checksum	9508017486938102852
result	rich	v1	raw	outputs	35
sample	rich	v1	raw	exact	0	459
sample	rich	v1	raw	exact	1	334
sample	rich	v1	raw	exact	2	708
sample	rich	v1	raw	exact	3	250
result	rich	v1	raw	exact.p50_ns	459
result	rich	v1	raw	exact.p95_ns	708
result	rich	v1	raw	exact.p99_ns	708
sample	rich	v1	raw	prefix	0	542
sample	rich	v1	raw	prefix	1	709
sample	rich	v1	raw	prefix	2	1459
sample	rich	v1	raw	prefix	3	1167
result	rich	v1	raw	prefix.p50_ns	1167
result	rich	v1	raw	prefix.p95_ns	1459
result	rich	v1	raw	prefix.p99_ns	1459
sample	rich	v1	raw	render	0	4709
sample	rich	v1	raw	render	1	4667
sample	rich	v1	raw	render	2	4708
sample	rich	v1	raw	render	3	4667
result	rich	v1	raw	render.p50_ns	4708
result	rich	v1	raw	render.p95_ns	4709
result	rich	v1	raw	render.p99_ns	4709
result	rich	v1	raw	exact.hit.p50_ns	708
result	rich	v1	raw	exact.hit.p95_ns	708
result	rich	v1	raw	exact.hit.p99_ns	708
result	rich	v1	raw	exact.miss.p50_ns	334
result	rich	v1	raw	exact.miss.p95_ns	334
result	rich	v1	raw	exact.miss.p99_ns	334
result	rich	v1	raw	prefix.zero.p50_ns	542
result	rich	v1	raw	prefix.zero.p95_ns	542
result	rich	v1	raw	prefix.zero.p99_ns	542
result	rich	v1	raw	prefix.one.p50_ns	709
result	rich	v1	raw	prefix.one.p95_ns	709
result	rich	v1	raw	prefix.one.p99_ns	709
result	rich	v1	raw	prefix.many.p50_ns	1459
result	rich	v1	raw	prefix.many.p95_ns	1459
result	rich	v1	raw	prefix.many.p99_ns	1459
result	rich	v1	raw	prefix.pathological.p50_ns	-
result	rich	v1	raw	prefix.pathological.p95_ns	-
result	rich	v1	raw	prefix.pathological.p99_ns	-
result	rich	v1	bzip3	artifact_bytes	1536
result	rich	v1	bzip3	build_ns	271125
sample	rich	v1	bzip3	open	0	6750
result	rich	v1	bzip3	open.p50_ns	6750
result	rich	v1	bzip3	open.p95_ns	6750
result	rich	v1	bzip3	open.p99_ns	6750
result	rich	v1	bzip3	open_ns	6750
result	rich	v1	bzip3	semantic_digest	10432184689069109469
result	rich	v1	bzip3	query_checksum	9508017486938102852
result	rich	v1	bzip3	outputs	35
sample	rich	v1	bzip3	exact	0	291
sample	rich	v1	bzip3	exact	1	125
sample	rich	v1	bzip3	exact	2	375
sample	rich	v1	bzip3	exact	3	167
result	rich	v1	bzip3	exact.p50_ns	291
result	rich	v1	bzip3	exact.p95_ns	375
result	rich	v1	bzip3	exact.p99_ns	375
sample	rich	v1	bzip3	prefix	0	333
sample	rich	v1	bzip3	prefix	1	459
sample	rich	v1	bzip3	prefix	2	792
sample	rich	v1	bzip3	prefix	3	541
result	rich	v1	bzip3	prefix.p50_ns	541
result	rich	v1	bzip3	prefix.p95_ns	792
result	rich	v1	bzip3	prefix.p99_ns	792
sample	rich	v1	bzip3	render	0	89792
sample	rich	v1	bzip3	render	1	243042
sample	rich	v1	bzip3	render	2	491208
sample	rich	v1	bzip3	render	3	210584
result	rich	v1	bzip3	render.p50_ns	243042
result	rich	v1	bzip3	render.p95_ns	491208
result	rich	v1	bzip3	render.p99_ns	491208
result	rich	v1	bzip3	exact.hit.p50_ns	375
result	rich	v1	bzip3	exact.hit.p95_ns	375
result	rich	v1	bzip3	exact.hit.p99_ns	375
result	rich	v1	bzip3	exact.miss.p50_ns	167
result	rich	v1	bzip3	exact.miss.p95_ns	167
result	rich	v1	bzip3	exact.miss.p99_ns	167
result	rich	v1	bzip3	prefix.zero.p50_ns	333
result	rich	v1	bzip3	prefix.zero.p95_ns	333
result	rich	v1	bzip3	prefix.zero.p99_ns	333
result	rich	v1	bzip3	prefix.one.p50_ns	459
result	rich	v1	bzip3	prefix.one.p95_ns	459
result	rich	v1	bzip3	prefix.one.p99_ns	459
result	rich	v1	bzip3	prefix.many.p50_ns	792
result	rich	v1	bzip3	prefix.many.p95_ns	792
result	rich	v1	bzip3	prefix.many.p99_ns	792
result	rich	v1	bzip3	prefix.pathological.p50_ns	-
result	rich	v1	bzip3	prefix.pathological.p95_ns	-
result	rich	v1	bzip3	prefix.pathological.p99_ns	-
result	rich	v2	raw.latency	artifact_bytes	14816
result	rich	v2	raw.latency	build_ns	927083
sample	rich	v2	raw.latency	open	0	302958
result	rich	v2	raw.latency	open.p50_ns	302958
result	rich	v2	raw.latency	open.p95_ns	302958
result	rich	v2	raw.latency	open.p99_ns	302958
result	rich	v2	raw.latency	open_ns	302958
result	rich	v2	raw.latency	semantic_digest	10432184689069109469
result	rich	v2	raw.latency	query_checksum	9508017486938102852
result	rich	v2	raw.latency	outputs	35
result	rich	v2	raw.latency	logical_prose_bytes	3046
sample	rich	v2	raw.latency	exact	0	625
sample	rich	v2	raw.latency	exact	1	291
sample	rich	v2	raw.latency	exact	2	417
sample	rich	v2	raw.latency	exact	3	83
result	rich	v2	raw.latency	exact.p50_ns	417
result	rich	v2	raw.latency	exact.p95_ns	625
result	rich	v2	raw.latency	exact.p99_ns	625
sample	rich	v2	raw.latency	prefix	0	375
sample	rich	v2	raw.latency	prefix	1	250
sample	rich	v2	raw.latency	prefix	2	792
sample	rich	v2	raw.latency	prefix	3	542
result	rich	v2	raw.latency	prefix.p50_ns	542
result	rich	v2	raw.latency	prefix.p95_ns	792
result	rich	v2	raw.latency	prefix.p99_ns	792
sample	rich	v2	raw.latency	render	0	250
sample	rich	v2	raw.latency	render	1	83
sample	rich	v2	raw.latency	render	2	41
sample	rich	v2	raw.latency	render	3	42
result	rich	v2	raw.latency	render.p50_ns	83
result	rich	v2	raw.latency	render.p95_ns	250
result	rich	v2	raw.latency	render.p99_ns	250
result	rich	v2	raw.latency	exact.hit.p50_ns	625
result	rich	v2	raw.latency	exact.hit.p95_ns	625
result	rich	v2	raw.latency	exact.hit.p99_ns	625
result	rich	v2	raw.latency	exact.miss.p50_ns	291
result	rich	v2	raw.latency	exact.miss.p95_ns	291
result	rich	v2	raw.latency	exact.miss.p99_ns	291
result	rich	v2	raw.latency	prefix.zero.p50_ns	375
result	rich	v2	raw.latency	prefix.zero.p95_ns	375
result	rich	v2	raw.latency	prefix.zero.p99_ns	375
result	rich	v2	raw.latency	prefix.one.p50_ns	250
result	rich	v2	raw.latency	prefix.one.p95_ns	250
result	rich	v2	raw.latency	prefix.one.p99_ns	250
result	rich	v2	raw.latency	prefix.many.p50_ns	792
result	rich	v2	raw.latency	prefix.many.p95_ns	792
result	rich	v2	raw.latency	prefix.many.p99_ns	792
result	rich	v2	raw.latency	prefix.pathological.p50_ns	-
result	rich	v2	raw.latency	prefix.pathological.p95_ns	-
result	rich	v2	raw.latency	prefix.pathological.p99_ns	-
result	rich	v2	bzip3.latency	artifact_bytes	11936
result	rich	v2	bzip3.latency	build_ns	1199458
sample	rich	v2	bzip3.latency	open	0	1521458
result	rich	v2	bzip3.latency	open.p50_ns	1521458
result	rich	v2	bzip3.latency	open.p95_ns	1521458
result	rich	v2	bzip3.latency	open.p99_ns	1521458
result	rich	v2	bzip3.latency	open_ns	1521458
result	rich	v2	bzip3.latency	semantic_digest	10432184689069109469
result	rich	v2	bzip3.latency	query_checksum	9508017486938102852
result	rich	v2	bzip3.latency	outputs	35
result	rich	v2	bzip3.latency	logical_prose_bytes	3046
sample	rich	v2	bzip3.latency	exact	0	1041
sample	rich	v2	bzip3.latency	exact	1	542
sample	rich	v2	bzip3.latency	exact	2	792
sample	rich	v2	bzip3.latency	exact	3	167
result	rich	v2	bzip3.latency	exact.p50_ns	792
result	rich	v2	bzip3.latency	exact.p95_ns	1041
result	rich	v2	bzip3.latency	exact.p99_ns	1041
sample	rich	v2	bzip3.latency	prefix	0	667
sample	rich	v2	bzip3.latency	prefix	1	583
sample	rich	v2	bzip3.latency	prefix	2	2292
sample	rich	v2	bzip3.latency	prefix	3	1208
result	rich	v2	bzip3.latency	prefix.p50_ns	1208
result	rich	v2	bzip3.latency	prefix.p95_ns	2292
result	rich	v2	bzip3.latency	prefix.p99_ns	2292
sample	rich	v2	bzip3.latency	render	0	276708
sample	rich	v2	bzip3.latency	render	1	233292
sample	rich	v2	bzip3.latency	render	2	208625
sample	rich	v2	bzip3.latency	render	3	180625
result	rich	v2	bzip3.latency	render.p50_ns	233292
result	rich	v2	bzip3.latency	render.p95_ns	276708
result	rich	v2	bzip3.latency	render.p99_ns	276708
result	rich	v2	bzip3.latency	exact.hit.p50_ns	1041
result	rich	v2	bzip3.latency	exact.hit.p95_ns	1041
result	rich	v2	bzip3.latency	exact.hit.p99_ns	1041
result	rich	v2	bzip3.latency	exact.miss.p50_ns	542
result	rich	v2	bzip3.latency	exact.miss.p95_ns	542
result	rich	v2	bzip3.latency	exact.miss.p99_ns	542
result	rich	v2	bzip3.latency	prefix.zero.p50_ns	667
result	rich	v2	bzip3.latency	prefix.zero.p95_ns	667
result	rich	v2	bzip3.latency	prefix.zero.p99_ns	667
result	rich	v2	bzip3.latency	prefix.one.p50_ns	583
result	rich	v2	bzip3.latency	prefix.one.p95_ns	583
result	rich	v2	bzip3.latency	prefix.one.p99_ns	583
result	rich	v2	bzip3.latency	prefix.many.p50_ns	2292
result	rich	v2	bzip3.latency	prefix.many.p95_ns	2292
result	rich	v2	bzip3.latency	prefix.many.p99_ns	2292
result	rich	v2	bzip3.latency	prefix.pathological.p50_ns	-
result	rich	v2	bzip3.latency	prefix.pathological.p95_ns	-
result	rich	v2	bzip3.latency	prefix.pathological.p99_ns	-
