LEX6-BENCH/1	status	measured_after_explicit_gate
config	records	2048
config	profile	flat
config	distribution	mixed
old_rendered_digest	sha256	17e556dacea292c65fa11adfe683b5a37f13419748cb1f7a7d09e02581e500d8
new_rendered_digest	sha256	17e556dacea292c65fa11adfe683b5a37f13419748cb1f7a7d09e02581e500d8
query	0	exact	count	1	old_count	1
query	0	digest	bcb6d2526a942667a459e325576a60268cc29d9f690dcbe69eeacf4118c900b8
query	1	exact	count	1	old_count	1
query	1	digest	d67be176f49f9a29cd16d54cda49dee00859381e4ba8e61ebf0032edb9f758fe
query	2	exact	count	0	old_count	0
query	2	digest	840076b740c81691e8a7290726ab78e54465413f96511d4c3f2a984038759369
query	3	prefix	count	2048	old_count	2048
query	3	digest	66c6cba45320d2f468ef9fbddb19d49992fe9b758023d58d78dffba9cdfafbfb
query	4	prefix	count	2048	old_count	2048
query	4	digest	a3a1545250d177a73117246a562055efc2c508b533c7842131fb024af19add99
query	5	prefix	count	0	old_count	0
query	5	digest	a552d54b785189d4f7f0b03ab7dc9e6ead8327cff3e64a98d40095fead87132c
new_rendered_digest	sha256	17e556dacea292c65fa11adfe683b5a37f13419748cb1f7a7d09e02581e500d8
query	0	exact	count	1	old_count	1
query	0	digest	bcb6d2526a942667a459e325576a60268cc29d9f690dcbe69eeacf4118c900b8
query	1	exact	count	1	old_count	1
query	1	digest	d67be176f49f9a29cd16d54cda49dee00859381e4ba8e61ebf0032edb9f758fe
query	2	exact	count	0	old_count	0
query	2	digest	840076b740c81691e8a7290726ab78e54465413f96511d4c3f2a984038759369
query	3	prefix	count	2048	old_count	2048
query	3	digest	66c6cba45320d2f468ef9fbddb19d49992fe9b758023d58d78dffba9cdfafbfb
query	4	prefix	count	2048	old_count	2048
query	4	digest	a3a1545250d177a73117246a562055efc2c508b533c7842131fb024af19add99
query	5	prefix	count	0	old_count	0
query	5	digest	a552d54b785189d4f7f0b03ab7dc9e6ead8327cff3e64a98d40095fead87132c
new_rendered_digest	sha256	17e556dacea292c65fa11adfe683b5a37f13419748cb1f7a7d09e02581e500d8
query	0	exact	count	1	old_count	1
query	0	digest	bcb6d2526a942667a459e325576a60268cc29d9f690dcbe69eeacf4118c900b8
query	1	exact	count	1	old_count	1
query	1	digest	d67be176f49f9a29cd16d54cda49dee00859381e4ba8e61ebf0032edb9f758fe
query	2	exact	count	0	old_count	0
query	2	digest	840076b740c81691e8a7290726ab78e54465413f96511d4c3f2a984038759369
query	3	prefix	count	2048	old_count	2048
query	3	digest	66c6cba45320d2f468ef9fbddb19d49992fe9b758023d58d78dffba9cdfafbfb
query	4	prefix	count	2048	old_count	2048
query	4	digest	a3a1545250d177a73117246a562055efc2c508b533c7842131fb024af19add99
query	5	prefix	count	0	old_count	0
query	5	digest	a552d54b785189d4f7f0b03ab7dc9e6ead8327cff3e64a98d40095fead87132c
artifact	old_borrowed_core	native	bytes	92103
artifact	old_borrowed_core	native	sha256	8c0d26c29c3ee43972747911bc6b77184c0ce6b702cf94604323236720e8bed1
timing	old_borrowed_core	native	build	samples	1	total_ns	8510291	count	0	bytes	92103	checksum	0
timing	old_borrowed_core	native	open_metadata	samples	1	total_ns	24167	count	0	bytes	0	checksum	0
timing	old_borrowed_core	native	verify_all	samples	1	total_ns	2586125	count	0	bytes	0	checksum	0
timing	old_borrowed_core	native	lookup_exact[0]=term-0000000	samples	7	total_ns	5500	count	7	bytes	84	checksum	18052808847290295402
timing	old_borrowed_core	native	lookup_prefix[1]=term-000	samples	7	total_ns	5520501	count	14336	bytes	172032	checksum	290271086211048
timing	old_borrowed_core	native	lookup_prefix[2]=term-	samples	7	total_ns	5372669	count	14336	bytes	172032	checksum	290271086211048
timing	old_borrowed_core	native	lookup_prefix[3]=absent-	samples	7	total_ns	917	count	0	bytes	0	checksum	0
timing	old_borrowed_core	native	warm_source_lookup_render	samples	7	total_ns	4334	count	0	bytes	1232	checksum	6375066135672705551
timing	old_borrowed_core	native	source_lookup_snippet	samples	7	total_ns	3876	count	0	bytes	896	checksum	5180650474051333904
timing	old_borrowed_core	native	source_read_render_control	samples	7	total_ns	4165	count	0	bytes	1232	checksum	6375066135672705551
artifact	new	raw	bytes	356912
artifact	new	raw	sha256	bf45bd86c6c3ed54c84ea7acaa9cb542b28e20183e6ef48e12586cf91890aa27
timing	new	raw	build	samples	1	total_ns	1385042	count	0	bytes	356912	checksum	0
timing	new	raw	open	samples	1	total_ns	46167	count	0	bytes	0	checksum	0
timing	new	raw	verify_all	samples	1	total_ns	1594958	count	0	bytes	0	checksum	0
timing	new	raw	lookup_exact[0]=term-0000000	samples	7	total_ns	2042	count	7	bytes	84	checksum	18052808847290295402
timing	new	raw	lookup_prefix[1]=term-000	samples	7	total_ns	957668	count	14336	bytes	172032	checksum	290271086211048
timing	new	raw	lookup_prefix[2]=term-	samples	7	total_ns	944625	count	14336	bytes	172032	checksum	290271086211048
timing	new	raw	lookup_prefix[3]=absent-	samples	7	total_ns	1419	count	0	bytes	0	checksum	0
timing	new	raw	warm_typed_select_render	samples	7	total_ns	208	count	0	bytes	1232	checksum	6375066135672705551
timing	new	raw	warm_typed_select_snippet	samples	7	total_ns	333	count	0	bytes	896	checksum	5180650474051333904
timing	new	raw	cold_load_decode_validate	samples	7	total_ns	212000	count	0	bytes	91	checksum	0
artifact	new	adaptive	bytes	29848
artifact	new	adaptive	sha256	41865c51c8ab138f1617ea8fde4aa287c25d129ac30d6683b21c1e4cae4c64f3
timing	new	adaptive	build	samples	1	total_ns	11252042	count	0	bytes	29848	checksum	0
timing	new	adaptive	open	samples	1	total_ns	42083	count	0	bytes	0	checksum	0
timing	new	adaptive	verify_all	samples	1	total_ns	6002833	count	0	bytes	0	checksum	0
timing	new	adaptive	lookup_exact[0]=term-0000000	samples	7	total_ns	2207	count	7	bytes	84	checksum	18052808847290295402
timing	new	adaptive	lookup_prefix[1]=term-000	samples	7	total_ns	954835	count	14336	bytes	172032	checksum	290271086211048
timing	new	adaptive	lookup_prefix[2]=term-	samples	7	total_ns	940665	count	14336	bytes	172032	checksum	290271086211048
timing	new	adaptive	lookup_prefix[3]=absent-	samples	7	total_ns	1627	count	0	bytes	0	checksum	0
timing	new	adaptive	warm_typed_select_render	samples	7	total_ns	209	count	0	bytes	1232	checksum	6375066135672705551
timing	new	adaptive	warm_typed_select_snippet	samples	7	total_ns	84	count	0	bytes	896	checksum	5180650474051333904
timing	new	adaptive	cold_load_decode_validate	samples	7	total_ns	5865459	count	0	bytes	91	checksum	0
artifact	new	bzip3	bytes	29848
artifact	new	bzip3	sha256	41865c51c8ab138f1617ea8fde4aa287c25d129ac30d6683b21c1e4cae4c64f3
timing	new	bzip3	build	samples	1	total_ns	11179458	count	0	bytes	29848	checksum	0
timing	new	bzip3	open	samples	1	total_ns	39958	count	0	bytes	0	checksum	0
timing	new	bzip3	verify_all	samples	1	total_ns	6162541	count	0	bytes	0	checksum	0
timing	new	bzip3	lookup_exact[0]=term-0000000	samples	7	total_ns	2125	count	7	bytes	84	checksum	18052808847290295402
timing	new	bzip3	lookup_prefix[1]=term-000	samples	7	total_ns	949625	count	14336	bytes	172032	checksum	290271086211048
timing	new	bzip3	lookup_prefix[2]=term-	samples	7	total_ns	934750	count	14336	bytes	172032	checksum	290271086211048
timing	new	bzip3	lookup_prefix[3]=absent-	samples	7	total_ns	1543	count	0	bytes	0	checksum	0
timing	new	bzip3	warm_typed_select_render	samples	7	total_ns	290	count	0	bytes	1232	checksum	6375066135672705551
timing	new	bzip3	warm_typed_select_snippet	samples	7	total_ns	292	count	0	bytes	896	checksum	5180650474051333904
timing	new	bzip3	cold_load_decode_validate	samples	7	total_ns	5588917	count	0	bytes	91	checksum	0
