meta	global	zig_version	0.16.0
meta	global	target	macos-aarch64
meta	global	seed	5495895892047298561
meta	prose_heavy	records	8
meta	prose_heavy	repetitions	4
meta	prose_heavy	warmup	1
meta	prose_heavy	seed	5495895892047298561
meta	prose_heavy	semantic_digest	7281851064008506163
meta	prose_heavy	logical_prose_bytes	40992
meta	prose_heavy	exact_hit_probes	2
meta	prose_heavy	exact_miss_probes	2
meta	prose_heavy	prefix_zero_probes	1
meta	prose_heavy	prefix_one_probes	1
meta	prose_heavy	prefix_many_probes	2
meta	prose_heavy	prefix_pathological_probes	0
result	prose_heavy	v1	raw	artifact_bytes	41824
result	prose_heavy	v1	raw	build_ns	511208
sample	prose_heavy	v1	raw	open	0	205875
result	prose_heavy	v1	raw	open.p50_ns	205875
result	prose_heavy	v1	raw	open.p95_ns	205875
result	prose_heavy	v1	raw	open.p99_ns	205875
result	prose_heavy	v1	raw	open_ns	205875
result	prose_heavy	v1	raw	semantic_digest	7281851064008506163
result	prose_heavy	v1	raw	query_checksum	15129643711833446718
result	prose_heavy	v1	raw	outputs	19
sample	prose_heavy	v1	raw	exact	0	917
sample	prose_heavy	v1	raw	exact	1	542
sample	prose_heavy	v1	raw	exact	2	750
sample	prose_heavy	v1	raw	exact	3	208
result	prose_heavy	v1	raw	exact.p50_ns	750
result	prose_heavy	v1	raw	exact.p95_ns	917
result	prose_heavy	v1	raw	exact.p99_ns	917
sample	prose_heavy	v1	raw	prefix	0	500
sample	prose_heavy	v1	raw	prefix	1	583
sample	prose_heavy	v1	raw	prefix	2	917
sample	prose_heavy	v1	raw	prefix	3	708
result	prose_heavy	v1	raw	prefix.p50_ns	708
result	prose_heavy	v1	raw	prefix.p95_ns	917
result	prose_heavy	v1	raw	prefix.p99_ns	917
sample	prose_heavy	v1	raw	render	0	75750
sample	prose_heavy	v1	raw	render	1	62875
sample	prose_heavy	v1	raw	render	2	62458
sample	prose_heavy	v1	raw	render	3	62541
result	prose_heavy	v1	raw	render.p50_ns	62875
result	prose_heavy	v1	raw	render.p95_ns	75750
result	prose_heavy	v1	raw	render.p99_ns	75750
result	prose_heavy	v1	raw	exact.hit.p50_ns	917
result	prose_heavy	v1	raw	exact.hit.p95_ns	917
result	prose_heavy	v1	raw	exact.hit.p99_ns	917
result	prose_heavy	v1	raw	exact.miss.p50_ns	542
result	prose_heavy	v1	raw	exact.miss.p95_ns	542
result	prose_heavy	v1	raw	exact.miss.p99_ns	542
result	prose_heavy	v1	raw	prefix.zero.p50_ns	500
result	prose_heavy	v1	raw	prefix.zero.p95_ns	500
result	prose_heavy	v1	raw	prefix.zero.p99_ns	500
result	prose_heavy	v1	raw	prefix.one.p50_ns	583
result	prose_heavy	v1	raw	prefix.one.p95_ns	583
result	prose_heavy	v1	raw	prefix.one.p99_ns	583
result	prose_heavy	v1	raw	prefix.many.p50_ns	917
result	prose_heavy	v1	raw	prefix.many.p95_ns	917
result	prose_heavy	v1	raw	prefix.many.p99_ns	917
result	prose_heavy	v1	raw	prefix.pathological.p50_ns	-
result	prose_heavy	v1	raw	prefix.pathological.p95_ns	-
result	prose_heavy	v1	raw	prefix.pathological.p99_ns	-
result	prose_heavy	v1	bzip3	artifact_bytes	1064
result	prose_heavy	v1	bzip3	build_ns	793875
sample	prose_heavy	v1	bzip3	open	0	17333
result	prose_heavy	v1	bzip3	open.p50_ns	17333
result	prose_heavy	v1	bzip3	open.p95_ns	17333
result	prose_heavy	v1	bzip3	open.p99_ns	17333
result	prose_heavy	v1	bzip3	open_ns	17333
result	prose_heavy	v1	bzip3	semantic_digest	7281851064008506163
result	prose_heavy	v1	bzip3	query_checksum	15129643711833446718
result	prose_heavy	v1	bzip3	outputs	19
sample	prose_heavy	v1	bzip3	exact	0	1708
sample	prose_heavy	v1	bzip3	exact	1	416
sample	prose_heavy	v1	bzip3	exact	2	875
sample	prose_heavy	v1	bzip3	exact	3	250
result	prose_heavy	v1	bzip3	exact.p50_ns	875
result	prose_heavy	v1	bzip3	exact.p95_ns	1708
result	prose_heavy	v1	bzip3	exact.p99_ns	1708
sample	prose_heavy	v1	bzip3	prefix	0	709
sample	prose_heavy	v1	bzip3	prefix	1	708
sample	prose_heavy	v1	bzip3	prefix	2	917
sample	prose_heavy	v1	bzip3	prefix	3	834
result	prose_heavy	v1	bzip3	prefix.p50_ns	834
result	prose_heavy	v1	bzip3	prefix.p95_ns	917
result	prose_heavy	v1	bzip3	prefix.p99_ns	917
sample	prose_heavy	v1	bzip3	render	0	435334
sample	prose_heavy	v1	bzip3	render	1	190459
sample	prose_heavy	v1	bzip3	render	2	186500
sample	prose_heavy	v1	bzip3	render	3	185167
result	prose_heavy	v1	bzip3	render.p50_ns	190459
result	prose_heavy	v1	bzip3	render.p95_ns	435334
result	prose_heavy	v1	bzip3	render.p99_ns	435334
result	prose_heavy	v1	bzip3	exact.hit.p50_ns	1708
result	prose_heavy	v1	bzip3	exact.hit.p95_ns	1708
result	prose_heavy	v1	bzip3	exact.hit.p99_ns	1708
result	prose_heavy	v1	bzip3	exact.miss.p50_ns	416
result	prose_heavy	v1	bzip3	exact.miss.p95_ns	416
result	prose_heavy	v1	bzip3	exact.miss.p99_ns	416
result	prose_heavy	v1	bzip3	prefix.zero.p50_ns	709
result	prose_heavy	v1	bzip3	prefix.zero.p95_ns	709
result	prose_heavy	v1	bzip3	prefix.zero.p99_ns	709
result	prose_heavy	v1	bzip3	prefix.one.p50_ns	708
result	prose_heavy	v1	bzip3	prefix.one.p95_ns	708
result	prose_heavy	v1	bzip3	prefix.one.p99_ns	708
result	prose_heavy	v1	bzip3	prefix.many.p50_ns	917
result	prose_heavy	v1	bzip3	prefix.many.p95_ns	917
result	prose_heavy	v1	bzip3	prefix.many.p99_ns	917
result	prose_heavy	v1	bzip3	prefix.pathological.p50_ns	-
result	prose_heavy	v1	bzip3	prefix.pathological.p95_ns	-
result	prose_heavy	v1	bzip3	prefix.pathological.p99_ns	-
result	prose_heavy	v2	raw.latency	artifact_bytes	51360
result	prose_heavy	v2	raw.latency	build_ns	1598666
sample	prose_heavy	v2	raw.latency	open	0	46625
result	prose_heavy	v2	raw.latency	open.p50_ns	46625
result	prose_heavy	v2	raw.latency	open.p95_ns	46625
result	prose_heavy	v2	raw.latency	open.p99_ns	46625
result	prose_heavy	v2	raw.latency	open_ns	46625
result	prose_heavy	v2	raw.latency	semantic_digest	7281851064008506163
result	prose_heavy	v2	raw.latency	query_checksum	15129643711833446718
result	prose_heavy	v2	raw.latency	outputs	19
result	prose_heavy	v2	raw.latency	logical_prose_bytes	40992
sample	prose_heavy	v2	raw.latency	exact	0	167
sample	prose_heavy	v2	raw.latency	exact	1	167
sample	prose_heavy	v2	raw.latency	exact	2	209
sample	prose_heavy	v2	raw.latency	exact	3	83
result	prose_heavy	v2	raw.latency	exact.p50_ns	167
result	prose_heavy	v2	raw.latency	exact.p95_ns	209
result	prose_heavy	v2	raw.latency	exact.p99_ns	209
sample	prose_heavy	v2	raw.latency	prefix	0	125
sample	prose_heavy	v2	raw.latency	prefix	1	209
sample	prose_heavy	v2	raw.latency	prefix	2	375
sample	prose_heavy	v2	raw.latency	prefix	3	291
result	prose_heavy	v2	raw.latency	prefix.p50_ns	291
result	prose_heavy	v2	raw.latency	prefix.p95_ns	375
result	prose_heavy	v2	raw.latency	prefix.p99_ns	375
sample	prose_heavy	v2	raw.latency	render	0	84
sample	prose_heavy	v2	raw.latency	render	1	83
sample	prose_heavy	v2	raw.latency	render	2	42
sample	prose_heavy	v2	raw.latency	render	3	41
result	prose_heavy	v2	raw.latency	render.p50_ns	83
result	prose_heavy	v2	raw.latency	render.p95_ns	84
result	prose_heavy	v2	raw.latency	render.p99_ns	84
result	prose_heavy	v2	raw.latency	exact.hit.p50_ns	209
result	prose_heavy	v2	raw.latency	exact.hit.p95_ns	209
result	prose_heavy	v2	raw.latency	exact.hit.p99_ns	209
result	prose_heavy	v2	raw.latency	exact.miss.p50_ns	167
result	prose_heavy	v2	raw.latency	exact.miss.p95_ns	167
result	prose_heavy	v2	raw.latency	exact.miss.p99_ns	167
result	prose_heavy	v2	raw.latency	prefix.zero.p50_ns	125
result	prose_heavy	v2	raw.latency	prefix.zero.p95_ns	125
result	prose_heavy	v2	raw.latency	prefix.zero.p99_ns	125
result	prose_heavy	v2	raw.latency	prefix.one.p50_ns	209
result	prose_heavy	v2	raw.latency	prefix.one.p95_ns	209
result	prose_heavy	v2	raw.latency	prefix.one.p99_ns	209
result	prose_heavy	v2	raw.latency	prefix.many.p50_ns	375
result	prose_heavy	v2	raw.latency	prefix.many.p95_ns	375
result	prose_heavy	v2	raw.latency	prefix.many.p99_ns	375
result	prose_heavy	v2	raw.latency	prefix.pathological.p50_ns	-
result	prose_heavy	v2	raw.latency	prefix.pathological.p95_ns	-
result	prose_heavy	v2	raw.latency	prefix.pathological.p99_ns	-
result	prose_heavy	v2	bzip3.latency	artifact_bytes	10592
result	prose_heavy	v2	bzip3.latency	build_ns	1423167
sample	prose_heavy	v2	bzip3.latency	open	0	151916
result	prose_heavy	v2	bzip3.latency	open.p50_ns	151916
result	prose_heavy	v2	bzip3.latency	open.p95_ns	151916
result	prose_heavy	v2	bzip3.latency	open.p99_ns	151916
result	prose_heavy	v2	bzip3.latency	open_ns	151916
result	prose_heavy	v2	bzip3.latency	semantic_digest	7281851064008506163
result	prose_heavy	v2	bzip3.latency	query_checksum	15129643711833446718
result	prose_heavy	v2	bzip3.latency	outputs	19
result	prose_heavy	v2	bzip3.latency	logical_prose_bytes	40992
sample	prose_heavy	v2	bzip3.latency	exact	0	917
sample	prose_heavy	v2	bzip3.latency	exact	1	542
sample	prose_heavy	v2	bzip3.latency	exact	2	667
sample	prose_heavy	v2	bzip3.latency	exact	3	166
result	prose_heavy	v2	bzip3.latency	exact.p50_ns	667
result	prose_heavy	v2	bzip3.latency	exact.p95_ns	917
result	prose_heavy	v2	bzip3.latency	exact.p99_ns	917
sample	prose_heavy	v2	bzip3.latency	prefix	0	375
sample	prose_heavy	v2	bzip3.latency	prefix	1	542
sample	prose_heavy	v2	bzip3.latency	prefix	2	1292
sample	prose_heavy	v2	bzip3.latency	prefix	3	667
result	prose_heavy	v2	bzip3.latency	prefix.p50_ns	667
result	prose_heavy	v2	bzip3.latency	prefix.p95_ns	1292
result	prose_heavy	v2	bzip3.latency	prefix.p99_ns	1292
sample	prose_heavy	v2	bzip3.latency	render	0	435958
sample	prose_heavy	v2	bzip3.latency	render	1	337625
sample	prose_heavy	v2	bzip3.latency	render	2	254959
sample	prose_heavy	v2	bzip3.latency	render	3	235125
result	prose_heavy	v2	bzip3.latency	render.p50_ns	337625
result	prose_heavy	v2	bzip3.latency	render.p95_ns	435958
result	prose_heavy	v2	bzip3.latency	render.p99_ns	435958
result	prose_heavy	v2	bzip3.latency	exact.hit.p50_ns	917
result	prose_heavy	v2	bzip3.latency	exact.hit.p95_ns	917
result	prose_heavy	v2	bzip3.latency	exact.hit.p99_ns	917
result	prose_heavy	v2	bzip3.latency	exact.miss.p50_ns	542
result	prose_heavy	v2	bzip3.latency	exact.miss.p95_ns	542
result	prose_heavy	v2	bzip3.latency	exact.miss.p99_ns	542
result	prose_heavy	v2	bzip3.latency	prefix.zero.p50_ns	375
result	prose_heavy	v2	bzip3.latency	prefix.zero.p95_ns	375
result	prose_heavy	v2	bzip3.latency	prefix.zero.p99_ns	375
result	prose_heavy	v2	bzip3.latency	prefix.one.p50_ns	542
result	prose_heavy	v2	bzip3.latency	prefix.one.p95_ns	542
result	prose_heavy	v2	bzip3.latency	prefix.one.p99_ns	542
result	prose_heavy	v2	bzip3.latency	prefix.many.p50_ns	1292
result	prose_heavy	v2	bzip3.latency	prefix.many.p95_ns	1292
result	prose_heavy	v2	bzip3.latency	prefix.many.p99_ns	1292
result	prose_heavy	v2	bzip3.latency	prefix.pathological.p50_ns	-
result	prose_heavy	v2	bzip3.latency	prefix.pathological.p95_ns	-
result	prose_heavy	v2	bzip3.latency	prefix.pathological.p99_ns	-
