LEX6-BENCH/1	status	measured_after_explicit_gate
config	records	2048
config	profile	flat
config	distribution	prose
old_rendered_digest	sha256	6bf738b9340de81d2ff3b9b96ba02afc2fcdd81335a2fd9e66a5210bdc833c59
new_rendered_digest	sha256	6bf738b9340de81d2ff3b9b96ba02afc2fcdd81335a2fd9e66a5210bdc833c59
query	0	exact	count	1	old_count	1
query	0	digest	bcb6d2526a942667a459e325576a60268cc29d9f690dcbe69eeacf4118c900b8
query	1	exact	count	1	old_count	1
query	1	digest	d67be176f49f9a29cd16d54cda49dee00859381e4ba8e61ebf0032edb9f758fe
query	2	exact	count	0	old_count	0
query	2	digest	840076b740c81691e8a7290726ab78e54465413f96511d4c3f2a984038759369
query	3	prefix	count	2048	old_count	2048
query	3	digest	66c6cba45320d2f468ef9fbddb19d49992fe9b758023d58d78dffba9cdfafbfb
query	4	prefix	count	2048	old_count	2048
query	4	digest	a3a1545250d177a73117246a562055efc2c508b533c7842131fb024af19add99
query	5	prefix	count	0	old_count	0
query	5	digest	a552d54b785189d4f7f0b03ab7dc9e6ead8327cff3e64a98d40095fead87132c
new_rendered_digest	sha256	6bf738b9340de81d2ff3b9b96ba02afc2fcdd81335a2fd9e66a5210bdc833c59
query	0	exact	count	1	old_count	1
query	0	digest	bcb6d2526a942667a459e325576a60268cc29d9f690dcbe69eeacf4118c900b8
query	1	exact	count	1	old_count	1
query	1	digest	d67be176f49f9a29cd16d54cda49dee00859381e4ba8e61ebf0032edb9f758fe
query	2	exact	count	0	old_count	0
query	2	digest	840076b740c81691e8a7290726ab78e54465413f96511d4c3f2a984038759369
query	3	prefix	count	2048	old_count	2048
query	3	digest	66c6cba45320d2f468ef9fbddb19d49992fe9b758023d58d78dffba9cdfafbfb
query	4	prefix	count	2048	old_count	2048
query	4	digest	a3a1545250d177a73117246a562055efc2c508b533c7842131fb024af19add99
query	5	prefix	count	0	old_count	0
query	5	digest	a552d54b785189d4f7f0b03ab7dc9e6ead8327cff3e64a98d40095fead87132c
new_rendered_digest	sha256	6bf738b9340de81d2ff3b9b96ba02afc2fcdd81335a2fd9e66a5210bdc833c59
query	0	exact	count	1	old_count	1
query	0	digest	bcb6d2526a942667a459e325576a60268cc29d9f690dcbe69eeacf4118c900b8
query	1	exact	count	1	old_count	1
query	1	digest	d67be176f49f9a29cd16d54cda49dee00859381e4ba8e61ebf0032edb9f758fe
query	2	exact	count	0	old_count	0
query	2	digest	840076b740c81691e8a7290726ab78e54465413f96511d4c3f2a984038759369
query	3	prefix	count	2048	old_count	2048
query	3	digest	66c6cba45320d2f468ef9fbddb19d49992fe9b758023d58d78dffba9cdfafbfb
query	4	prefix	count	2048	old_count	2048
query	4	digest	a3a1545250d177a73117246a562055efc2c508b533c7842131fb024af19add99
query	5	prefix	count	0	old_count	0
query	5	digest	a552d54b785189d4f7f0b03ab7dc9e6ead8327cff3e64a98d40095fead87132c
artifact	old_borrowed_core	native	bytes	93390
artifact	old_borrowed_core	native	sha256	2a8886fd9a74969df521bfb76025cf433b7eb71bb4dd599aa03bb43181479969
timing	old_borrowed_core	native	build	samples	1	total_ns	15377584	count	0	bytes	93390	checksum	0
timing	old_borrowed_core	native	open_metadata	samples	1	total_ns	22542	count	0	bytes	0	checksum	0
timing	old_borrowed_core	native	verify_all	samples	1	total_ns	2698333	count	0	bytes	0	checksum	0
timing	old_borrowed_core	native	lookup_exact[0]=term-0000000	samples	7	total_ns	5291	count	7	bytes	84	checksum	18052808847290295402
timing	old_borrowed_core	native	lookup_prefix[1]=term-000	samples	7	total_ns	5406458	count	14336	bytes	172032	checksum	290271086211048
timing	old_borrowed_core	native	lookup_prefix[2]=term-	samples	7	total_ns	5257416	count	14336	bytes	172032	checksum	290271086211048
timing	old_borrowed_core	native	lookup_prefix[3]=absent-	samples	7	total_ns	875	count	0	bytes	0	checksum	0
timing	old_borrowed_core	native	warm_source_lookup_render	samples	7	total_ns	4207	count	0	bytes	1232	checksum	6375066135672705551
timing	old_borrowed_core	native	source_lookup_snippet	samples	7	total_ns	4041	count	0	bytes	896	checksum	5180650474051333904
timing	old_borrowed_core	native	source_read_render_control	samples	7	total_ns	3998	count	0	bytes	1232	checksum	6375066135672705551
artifact	new	raw	bytes	505494
artifact	new	raw	sha256	0e287eb2748e3dd3e1b8d2af9f1c6cd53e3b828f7b341093a0524a2f1c304391
timing	new	raw	build	samples	1	total_ns	1745709	count	0	bytes	505494	checksum	0
timing	new	raw	open	samples	1	total_ns	38792	count	0	bytes	0	checksum	0
timing	new	raw	verify_all	samples	1	total_ns	1947959	count	0	bytes	0	checksum	0
timing	new	raw	lookup_exact[0]=term-0000000	samples	7	total_ns	1917	count	7	bytes	84	checksum	18052808847290295402
timing	new	raw	lookup_prefix[1]=term-000	samples	7	total_ns	914416	count	14336	bytes	172032	checksum	290271086211048
timing	new	raw	lookup_prefix[2]=term-	samples	7	total_ns	932292	count	14336	bytes	172032	checksum	290271086211048
timing	new	raw	lookup_prefix[3]=absent-	samples	7	total_ns	1500	count	0	bytes	0	checksum	0
timing	new	raw	warm_typed_select_render	samples	7	total_ns	250	count	0	bytes	1232	checksum	6375066135672705551
timing	new	raw	warm_typed_select_snippet	samples	7	total_ns	251	count	0	bytes	896	checksum	5180650474051333904
timing	new	raw	cold_load_decode_validate	samples	7	total_ns	210126	count	0	bytes	91	checksum	0
artifact	new	adaptive	bytes	28910
artifact	new	adaptive	sha256	54054ef7af1001a3fda975fe87146834efe441554c3e6923d34f9f65f0d5917e
timing	new	adaptive	build	samples	1	total_ns	10746208	count	0	bytes	28910	checksum	0
timing	new	adaptive	open	samples	1	total_ns	42667	count	0	bytes	0	checksum	0
timing	new	adaptive	verify_all	samples	1	total_ns	6614833	count	0	bytes	0	checksum	0
timing	new	adaptive	lookup_exact[0]=term-0000000	samples	7	total_ns	1999	count	7	bytes	84	checksum	18052808847290295402
timing	new	adaptive	lookup_prefix[1]=term-000	samples	7	total_ns	916832	count	14336	bytes	172032	checksum	290271086211048
timing	new	adaptive	lookup_prefix[2]=term-	samples	7	total_ns	947501	count	14336	bytes	172032	checksum	290271086211048
timing	new	adaptive	lookup_prefix[3]=absent-	samples	7	total_ns	1376	count	0	bytes	0	checksum	0
timing	new	adaptive	warm_typed_select_render	samples	7	total_ns	250	count	0	bytes	1232	checksum	6375066135672705551
timing	new	adaptive	warm_typed_select_snippet	samples	7	total_ns	208	count	0	bytes	896	checksum	5180650474051333904
timing	new	adaptive	cold_load_decode_validate	samples	7	total_ns	4476751	count	0	bytes	91	checksum	0
artifact	new	bzip3	bytes	28910
artifact	new	bzip3	sha256	54054ef7af1001a3fda975fe87146834efe441554c3e6923d34f9f65f0d5917e
timing	new	bzip3	build	samples	1	total_ns	10548834	count	0	bytes	28910	checksum	0
timing	new	bzip3	open	samples	1	total_ns	41292	count	0	bytes	0	checksum	0
timing	new	bzip3	verify_all	samples	1	total_ns	6339625	count	0	bytes	0	checksum	0
timing	new	bzip3	lookup_exact[0]=term-0000000	samples	7	total_ns	1916	count	7	bytes	84	checksum	18052808847290295402
timing	new	bzip3	lookup_prefix[1]=term-000	samples	7	total_ns	921667	count	14336	bytes	172032	checksum	290271086211048
timing	new	bzip3	lookup_prefix[2]=term-	samples	7	total_ns	913833	count	14336	bytes	172032	checksum	290271086211048
timing	new	bzip3	lookup_prefix[3]=absent-	samples	7	total_ns	1834	count	0	bytes	0	checksum	0
timing	new	bzip3	warm_typed_select_render	samples	7	total_ns	168	count	0	bytes	1232	checksum	6375066135672705551
timing	new	bzip3	warm_typed_select_snippet	samples	7	total_ns	250	count	0	bytes	896	checksum	5180650474051333904
timing	new	bzip3	cold_load_decode_validate	samples	7	total_ns	4513249	count	0	bytes	91	checksum	0
